[debug] [2026-06-05T18:27:45.422Z] ----------------------------------------------------------------------
[debug] [2026-06-05T18:27:45.424Z] Command:       C:\Program Files\nodejs\node.exe C:\Users\Juan\AppData\Roaming\npm\node_modules\firebase-tools\lib\bin\firebase.js projects:list --json
[debug] [2026-06-05T18:27:45.424Z] CLI Version:   13.22.0
[debug] [2026-06-05T18:27:45.424Z] Platform:      win32
[debug] [2026-06-05T18:27:45.424Z] Node Version:  v21.5.0
[debug] [2026-06-05T18:27:45.424Z] Time:          Fri Jun 05 2026 14:27:45 GMT-0400 (Venezuela Time)
[debug] [2026-06-05T18:27:45.424Z] ----------------------------------------------------------------------
[debug] 
[debug] [2026-06-05T18:27:45.426Z] >>> [apiv2][query] GET https://firebase-public.firebaseio.com/cli.json [none]
[debug] [2026-06-05T18:27:45.456Z] > command requires scopes: ["email","openid","https://www.googleapis.com/auth/cloudplatformprojects.readonly","https://www.googleapis.com/auth/firebase","https://www.googleapis.com/auth/cloud-platform"]
[debug] [2026-06-05T18:27:45.456Z] > authorizing via signed-in user (juanzozaya06@gmail.com)
[debug] [2026-06-05T18:27:45.458Z] Checked if tokens are valid: false, expires at: 1728770980854
[debug] [2026-06-05T18:27:45.458Z] Checked if tokens are valid: false, expires at: 1728770980854
[debug] [2026-06-05T18:27:45.458Z] > refreshing access token with scopes: []
[debug] [2026-06-05T18:27:45.458Z] >>> [apiv2][query] POST https://www.googleapis.com/oauth2/v3/token [none]
[debug] [2026-06-05T18:27:45.458Z] >>> [apiv2][body] POST https://www.googleapis.com/oauth2/v3/token [omitted]
[debug] [2026-06-05T18:27:45.710Z] <<< [apiv2][status] GET https://firebase-public.firebaseio.com/cli.json 200
[debug] [2026-06-05T18:27:45.711Z] <<< [apiv2][body] GET https://firebase-public.firebaseio.com/cli.json {"cloudBuildErrorAfter":1594252800000,"cloudBuildWarnAfter":1590019200000,"defaultNode10After":1594252800000,"minVersion":"3.0.5","node8DeploysDisabledAfter":1613390400000,"node8RuntimeDisabledAfter":1615809600000,"node8WarnAfter":1600128000000}
[debug] [2026-06-05T18:27:45.899Z] <<< [apiv2][status] POST https://www.googleapis.com/oauth2/v3/token 400
[debug] [2026-06-05T18:27:45.899Z] <<< [apiv2][body] POST https://www.googleapis.com/oauth2/v3/token [omitted]
[debug] [2026-06-05T18:27:45.900Z] >>> [apiv2][query] GET https://firebase.googleapis.com/v1beta1/projects pageSize=1000
[debug] [2026-06-05T18:27:46.337Z] <<< [apiv2][status] GET https://firebase.googleapis.com/v1beta1/projects 401
[debug] [2026-06-05T18:27:46.338Z] <<< [apiv2][body] GET https://firebase.googleapis.com/v1beta1/projects [omitted]
[debug] [2026-06-05T18:27:46.338Z] Got a 401 Unauthenticated error for a call that required authentication. Refreshing tokens.
[debug] [2026-06-05T18:27:46.338Z] Checked if tokens are valid: false, expires at: 1728770980854
[debug] [2026-06-05T18:27:46.338Z] Checked if tokens are valid: false, expires at: 1728770980854
[debug] [2026-06-05T18:27:46.338Z] > refreshing access token with scopes: []
[debug] [2026-06-05T18:27:46.338Z] >>> [apiv2][query] POST https://www.googleapis.com/oauth2/v3/token [none]
[debug] [2026-06-05T18:27:46.338Z] >>> [apiv2][body] POST https://www.googleapis.com/oauth2/v3/token [omitted]
[debug] [2026-06-05T18:27:46.528Z] <<< [apiv2][status] POST https://www.googleapis.com/oauth2/v3/token 400
[debug] [2026-06-05T18:27:46.528Z] <<< [apiv2][body] POST https://www.googleapis.com/oauth2/v3/token [omitted]
[debug] [2026-06-05T18:27:46.529Z] HTTP Error: 401, Request had invalid authentication credentials. Expected OAuth 2 access token, login cookie or other valid authentication credential. See https://developers.google.com/identity/sign-in/web/devconsole-project.
[debug] [2026-06-05T18:27:46.530Z] FirebaseError: HTTP Error: 401, Request had invalid authentication credentials. Expected OAuth 2 access token, login cookie or other valid authentication credential. See https://developers.google.com/identity/sign-in/web/devconsole-project.
    at responseToError (C:\Users\Juan\AppData\Roaming\npm\node_modules\firebase-tools\lib\responseToError.js:49:12)
    at RetryOperation._fn (C:\Users\Juan\AppData\Roaming\npm\node_modules\firebase-tools\lib\apiv2.js:312:77)
    at process.processTicksAndRejections (node:internal/process/task_queues:95:5)
[error] 
[error] Error: Failed to list Firebase projects. See firebase-debug.log for more info.
